{
    "version": 3,
    "file": "main.js",
    "mappings": "sBAAAA,QAAQC,IAAI,Y,WCAZD,QAAQC,IAAI,Y,GCCRC,EAA2B,CAAC,EAGhC,SAASC,EAAoBC,GAE5B,IAAIC,EAAeH,EAAyBE,GAC5C,QAAqBE,IAAjBD,EACH,OAAOA,EAAaE,QAGrB,IAAIC,EAASN,EAAyBE,GAAY,CAGjDG,QAAS,CAAC,GAOX,OAHAE,EAAoBL,GAAUI,EAAQA,EAAOD,QAASJ,GAG/CK,EAAOD,OACf,CCtBAP,QAAQC,IAAI,MAEZ,EAAQ,KACR,EAAQ,I",
    "sources": [
        "src/lib/a.js",
        "src/lib/b.js",
        "webpack://webpack-nosources/webpack/bootstrap",
        "src/index.js"
    ],
    "names": [
        "console",
        "log",
        "__webpack_module_cache__",
        "__webpack_require__",
        "moduleId",
        "cachedModule",
        "undefined",
        "exports",
        "module",
        "__webpack_modules__"
    ],
    "sourceRoot": "",
    "sourcesContent": [
        "console.log('hi from a')\n",
        "console.log('hi from b')\n",
        null,
        "console.log('hi')\n\nrequire('./lib/a')\nrequire('./lib/b')\n"
    ]
}
